../Drivers/BSP/STM32L4xx_Nucleo/stm32l4xx_nucleo.c:161:10:BSP_GetVersion	0	static
../Drivers/BSP/STM32L4xx_Nucleo/stm32l4xx_nucleo.c:177:6:BSP_LED_Init	32	static
../Drivers/BSP/STM32L4xx_Nucleo/stm32l4xx_nucleo.c:200:6:BSP_LED_DeInit	16	static
../Drivers/BSP/STM32L4xx_Nucleo/stm32l4xx_nucleo.c:218:6:BSP_LED_On	0	static
../Drivers/BSP/STM32L4xx_Nucleo/stm32l4xx_nucleo.c:230:6:BSP_LED_Off	0	static
../Drivers/BSP/STM32L4xx_Nucleo/stm32l4xx_nucleo.c:242:6:BSP_LED_Toggle	0	static
../Drivers/BSP/STM32L4xx_Nucleo/stm32l4xx_nucleo.c:266:6:BSP_PB_Init	40	static
../Drivers/BSP/STM32L4xx_Nucleo/stm32l4xx_nucleo.c:305:6:BSP_PB_DeInit	8	static
../Drivers/BSP/STM32L4xx_Nucleo/stm32l4xx_nucleo.c:320:10:BSP_PB_GetState	8	static
